Archive member included to satisfy reference by file (symbol)

c:/users/dabou/desktop/imt_sdk_win_64/winarm/armgcc/bin/../lib/gcc/arm-none-eabi/7.2.1/thumb/v7e-m\libgcc.a(_aeabi_uldivmod.o)
                              ./src/MCAL/UART/UART_prg.o (__aeabi_uldivmod)
c:/users/dabou/desktop/imt_sdk_win_64/winarm/armgcc/bin/../lib/gcc/arm-none-eabi/7.2.1/thumb/v7e-m\libgcc.a(_udivmoddi4.o)
                              c:/users/dabou/desktop/imt_sdk_win_64/winarm/armgcc/bin/../lib/gcc/arm-none-eabi/7.2.1/thumb/v7e-m\libgcc.a(_aeabi_uldivmod.o) (__udivmoddi4)
c:/users/dabou/desktop/imt_sdk_win_64/winarm/armgcc/bin/../lib/gcc/arm-none-eabi/7.2.1/thumb/v7e-m\libgcc.a(_dvmd_tls.o)
                              c:/users/dabou/desktop/imt_sdk_win_64/winarm/armgcc/bin/../lib/gcc/arm-none-eabi/7.2.1/thumb/v7e-m\libgcc.a(_aeabi_uldivmod.o) (__aeabi_ldiv0)
c:/users/dabou/desktop/imt_sdk_win_64/winarm/armgcc/bin/../lib/gcc/arm-none-eabi/7.2.1/../../../../arm-none-eabi/lib/thumb/v7e-m\libg_nano.a(lib_a-errno.o)
                              ./system/src/newlib/_sbrk.o (__errno)
c:/users/dabou/desktop/imt_sdk_win_64/winarm/armgcc/bin/../lib/gcc/arm-none-eabi/7.2.1/../../../../arm-none-eabi/lib/thumb/v7e-m\libg_nano.a(lib_a-impure.o)
                              c:/users/dabou/desktop/imt_sdk_win_64/winarm/armgcc/bin/../lib/gcc/arm-none-eabi/7.2.1/../../../../arm-none-eabi/lib/thumb/v7e-m\libg_nano.a(lib_a-errno.o) (_impure_ptr)
c:/users/dabou/desktop/imt_sdk_win_64/winarm/armgcc/bin/../lib/gcc/arm-none-eabi/7.2.1/../../../../arm-none-eabi/lib/thumb/v7e-m\libg_nano.a(lib_a-strlen.o)
                              ./system/src/diag/Trace.o (strlen)
c:/users/dabou/desktop/imt_sdk_win_64/winarm/armgcc/bin/../lib/gcc/arm-none-eabi/7.2.1/../../../../arm-none-eabi/lib/thumb/v7e-m\libg_nano.a(lib_a-vsnprintf.o)
                              ./system/src/diag/Trace.o (vsnprintf)
c:/users/dabou/desktop/imt_sdk_win_64/winarm/armgcc/bin/../lib/gcc/arm-none-eabi/7.2.1/../../../../arm-none-eabi/lib/thumb/v7e-m\libg_nano.a(lib_a-nano-svfprintf.o)
                              c:/users/dabou/desktop/imt_sdk_win_64/winarm/armgcc/bin/../lib/gcc/arm-none-eabi/7.2.1/../../../../arm-none-eabi/lib/thumb/v7e-m\libg_nano.a(lib_a-vsnprintf.o) (_svfprintf_r)
c:/users/dabou/desktop/imt_sdk_win_64/winarm/armgcc/bin/../lib/gcc/arm-none-eabi/7.2.1/../../../../arm-none-eabi/lib/thumb/v7e-m\libg_nano.a(lib_a-nano-vfprintf_i.o)
                              c:/users/dabou/desktop/imt_sdk_win_64/winarm/armgcc/bin/../lib/gcc/arm-none-eabi/7.2.1/../../../../arm-none-eabi/lib/thumb/v7e-m\libg_nano.a(lib_a-nano-svfprintf.o) (_printf_i)
c:/users/dabou/desktop/imt_sdk_win_64/winarm/armgcc/bin/../lib/gcc/arm-none-eabi/7.2.1/../../../../arm-none-eabi/lib/thumb/v7e-m\libg_nano.a(lib_a-memchr.o)
                              c:/users/dabou/desktop/imt_sdk_win_64/winarm/armgcc/bin/../lib/gcc/arm-none-eabi/7.2.1/../../../../arm-none-eabi/lib/thumb/v7e-m\libg_nano.a(lib_a-nano-svfprintf.o) (memchr)
c:/users/dabou/desktop/imt_sdk_win_64/winarm/armgcc/bin/../lib/gcc/arm-none-eabi/7.2.1/../../../../arm-none-eabi/lib/thumb/v7e-m\libg_nano.a(lib_a-memcpy-stub.o)
                              c:/users/dabou/desktop/imt_sdk_win_64/winarm/armgcc/bin/../lib/gcc/arm-none-eabi/7.2.1/../../../../arm-none-eabi/lib/thumb/v7e-m\libg_nano.a(lib_a-nano-svfprintf.o) (memcpy)
c:/users/dabou/desktop/imt_sdk_win_64/winarm/armgcc/bin/../lib/gcc/arm-none-eabi/7.2.1/../../../../arm-none-eabi/lib/thumb/v7e-m\libg_nano.a(lib_a-memmove.o)
                              c:/users/dabou/desktop/imt_sdk_win_64/winarm/armgcc/bin/../lib/gcc/arm-none-eabi/7.2.1/../../../../arm-none-eabi/lib/thumb/v7e-m\libg_nano.a(lib_a-nano-svfprintf.o) (memmove)
c:/users/dabou/desktop/imt_sdk_win_64/winarm/armgcc/bin/../lib/gcc/arm-none-eabi/7.2.1/../../../../arm-none-eabi/lib/thumb/v7e-m\libg_nano.a(lib_a-nano-freer.o)
                              c:/users/dabou/desktop/imt_sdk_win_64/winarm/armgcc/bin/../lib/gcc/arm-none-eabi/7.2.1/../../../../arm-none-eabi/lib/thumb/v7e-m\libg_nano.a(lib_a-nano-svfprintf.o) (_free_r)
c:/users/dabou/desktop/imt_sdk_win_64/winarm/armgcc/bin/../lib/gcc/arm-none-eabi/7.2.1/../../../../arm-none-eabi/lib/thumb/v7e-m\libg_nano.a(lib_a-nano-mallocr.o)
                              c:/users/dabou/desktop/imt_sdk_win_64/winarm/armgcc/bin/../lib/gcc/arm-none-eabi/7.2.1/../../../../arm-none-eabi/lib/thumb/v7e-m\libg_nano.a(lib_a-nano-svfprintf.o) (_malloc_r)
c:/users/dabou/desktop/imt_sdk_win_64/winarm/armgcc/bin/../lib/gcc/arm-none-eabi/7.2.1/../../../../arm-none-eabi/lib/thumb/v7e-m\libg_nano.a(lib_a-nano-reallocr.o)
                              c:/users/dabou/desktop/imt_sdk_win_64/winarm/armgcc/bin/../lib/gcc/arm-none-eabi/7.2.1/../../../../arm-none-eabi/lib/thumb/v7e-m\libg_nano.a(lib_a-nano-svfprintf.o) (_realloc_r)
[...]
Memory Configuration

Name             Origin             Length             Attributes
RAM              0x20000000         0x00010000         xrw
CCMRAM           0x10000000         0x00000000         xrw
FLASH            0x08000000         0x00040000         xr
FLASHB1          0x00000000         0x00000000         xr
EXTMEMB0         0x00000000         0x00000000         xr
EXTMEMB1         0x00000000         0x00000000         xr
EXTMEMB2         0x00000000         0x00000000         xr
EXTMEMB3         0x00000000         0x00000000         xr
*default*        0x00000000         0xffffffff

Linker script and memory map

LOAD ./system/src/stm32f4-hal/stm32f4xx_hal.o
LOAD ./system/src/stm32f4-hal/stm32f4xx_hal_cortex.o
LOAD ./system/src/stm32f4-hal/stm32f4xx_hal_dfsdm.o
LOAD ./system/src/stm32f4-hal/stm32f4xx_hal_flash.o
LOAD ./system/src/stm32f4-hal/stm32f4xx_hal_gpio.o
LOAD ./system/src/stm32f4-hal/stm32f4xx_hal_iwdg.o
LOAD ./system/src/stm32f4-hal/stm32f4xx_hal_pwr.o
LOAD ./system/src/stm32f4-hal/stm32f4xx_hal_rcc.o
LOAD ./system/src/newlib/_cxx.o
LOAD ./system/src/newlib/_exit.o
LOAD ./system/src/newlib/_sbrk.o
LOAD ./system/src/newlib/_startup.o
LOAD ./system/src/newlib/_syscalls.o
LOAD ./system/src/newlib/assert.o
LOAD ./system/src/diag/Trace.o
LOAD ./system/src/diag/trace_impl.o
LOAD ./system/src/cortexm/_initialize_hardware.o
LOAD ./system/src/cortexm/_reset_hardware.o
LOAD ./system/src/cortexm/exception_handlers.o
LOAD ./system/src/cmsis/system_stm32f4xx.o
LOAD ./system/src/cmsis/vectors_stm32f401xc.o
LOAD ./src/MCAL/UART/UART_prg.o
LOAD ./src/MCAL/SYSTICK/SYSTICK_prg.o
LOAD ./src/MCAL/SPI/SPI_prg.o
LOAD ./src/MCAL/RCC/RCC_prg.o
LOAD ./src/MCAL/NVIC/NVIC_prg.o
LOAD ./src/MCAL/GPIO/GPIO_prg.o
LOAD ./src/MCAL/FMI/FMI_prg.o
LOAD ./src/MCAL/EXTI/EXTI_prg.o
LOAD ./src/MCAL/DMA/DMA_prg.o
LOAD ./src/APP/HEXPARSER/HEXPARSER_prg.o
LOAD ./src/_initialize_hardware.o
LOAD ./src/main.o
LOAD ./src/stm32f4xx_hal_msp.o
LOAD c:/users/dabou/desktop/imt_sdk_win_64/winarm/armgcc/bin/../lib/gcc/arm-none-eabi/7.2.1/../../../../arm-none-eabi/lib/thumb/v7e-m\libstdc++_nano.a
LOAD c:/users/dabou/desktop/imt_sdk_win_64/winarm/armgcc/bin/../lib/gcc/arm-none-eabi/7.2.1/../../../../arm-none-eabi/lib/thumb/v7e-m\libm.a
START GROUP
LOAD c:/users/dabou/desktop/imt_sdk_win_64/winarm/armgcc/bin/../lib/gcc/arm-none-eabi/7.2.1/thumb/v7e-m\libgcc.a
LOAD c:/users/dabou/desktop/imt_sdk_win_64/winarm/armgcc/bin/../lib/gcc/arm-none-eabi/7.2.1/../../../../arm-none-eabi/lib/thumb/v7e-m\libg_nano.a
LOAD c:/users/dabou/desktop/imt_sdk_win_64/winarm/armgcc/bin/../lib/gcc/arm-none-eabi/7.2.1/../../../../arm-none-eabi/lib/thumb/v7e-m\libc_nano.a
END GROUP
START GROUP
LOAD c:/users/dabou/desktop/imt_sdk_win_64/winarm/armgcc/bin/../lib/gcc/arm-none-eabi/7.2.1/thumb/v7e-m\libgcc.a
LOAD c:/users/dabou/desktop/imt_sdk_win_64/winarm/armgcc/bin/../lib/gcc/arm-none-eabi/7.2.1/../../../../arm-none-eabi/lib/thumb/v7e-m\libc_nano.a
END GROUP
                0x20010000                __stack = (ORIGIN (RAM) + LENGTH (RAM))
                0x20010000                _estack = __stack
                0x00000400                __Main_Stack_Size = 0x400
                [!provide]                PROVIDE (_Main_Stack_Size, __Main_Stack_Size)
                0x2000fc00                __Main_Stack_Limit = (__stack - __Main_Stack_Size)
                [!provide]                PROVIDE (_Main_Stack_Limit, __Main_Stack_Limit)
                0x00000100                _Minimum_Stack_Size = 0x100
                0x20003d04                PROVIDE (_Heap_Begin, _end_noinit)
                0x2000fc00                PROVIDE (_Heap_Limit, (__stack - __Main_Stack_Size))

.isr_vector     0x08000000      0x3f4
 FILL mask 0xff
                0x08000000                __vectors_start = ABSOLUTE (.)
                0x08000000                __vectors_start__ = ABSOLUTE (.)
 *(.isr_vector)
 .isr_vector    0x08000000      0x194 ./system/src/cmsis/vectors_stm32f401xc.o
                0x08000000                __isr_vectors
 *(.cfmconfig)
 *(.after_vectors .after_vectors.*)
 .after_vectors
                0x08000194      0x130 ./system/src/newlib/_startup.o
                0x08000194                _start
 .after_vectors
                0x080002c4      0x12c ./system/src/cortexm/exception_handlers.o
                0x080002c4                Reset_Handler
                0x080002ca                NMI_Handler
                0x080002ce                HardFault_Handler
                0x080002e2                HardFault_Handler_C
                0x08000340                MemManage_Handler
                0x08000344                BusFault_Handler
                0x08000358                BusFault_Handler_C
                0x0800038c                UsageFault_Handler
                0x080003a0                UsageFault_Handler_C
                0x080003d4                SVC_Handler
                0x080003d8                DebugMon_Handler
                0x080003dc                PendSV_Handler
                0x080003e0                SysTick_Handler
 .after_vectors
                0x080003f0        0x4 ./system/src/cmsis/vectors_stm32f401xc.o
                0x080003f0                RTC_Alarm_IRQHandler
                0x080003f0                EXTI2_IRQHandler
                0x080003f0                SPI4_IRQHandler
                0x080003f0                TIM1_CC_IRQHandler
                0x080003f0                DMA2_Stream5_IRQHandler
                0x080003f0                DMA1_Stream5_IRQHandler
                0x080003f0                PVD_IRQHandler
                0x080003f0                SDIO_IRQHandler
                0x080003f0                TAMP_STAMP_IRQHandler
                0x080003f0                EXTI3_IRQHandler
                0x080003f0                TIM1_UP_TIM10_IRQHandler
                0x080003f0                I2C3_ER_IRQHandler
                0x080003f0                I2C2_EV_IRQHandler
                0x080003f0                DMA1_Stream2_IRQHandler
                0x080003f0                FPU_IRQHandler
                0x080003f0                DMA2_Stream2_IRQHandler
                0x080003f0                SPI1_IRQHandler
                0x080003f0                TIM1_BRK_TIM9_IRQHandler
                0x080003f0                DMA2_Stream3_IRQHandler
                0x080003f0                TIM4_IRQHandler
                0x080003f0                I2C1_EV_IRQHandler
                0x080003f0                DMA1_Stream6_IRQHandler
                0x080003f0                DMA1_Stream1_IRQHandler
                0x080003f0                TIM3_IRQHandler
                0x080003f0                RCC_IRQHandler
                0x080003f0                Default_Handler
                0x080003f0                EXTI15_10_IRQHandler
                0x080003f0                ADC_IRQHandler
                0x080003f0                DMA1_Stream7_IRQHandler
                0x080003f0                TIM5_IRQHandler
                0x080003f0                DMA2_Stream7_IRQHandler
                0x080003f0                I2C3_EV_IRQHandler
                0x080003f0                EXTI9_5_IRQHandler
                0x080003f0                RTC_WKUP_IRQHandler
                0x080003f0                SPI2_IRQHandler
                0x080003f0                DMA1_Stream0_IRQHandler
                0x080003f0                EXTI4_IRQHandler
                0x080003f0                WWDG_IRQHandler
                0x080003f0                TIM2_IRQHandler
                0x080003f0                OTG_FS_WKUP_IRQHandler
                0x080003f0                TIM1_TRG_COM_TIM11_IRQHandler
                0x080003f0                EXTI1_IRQHandler
                0x080003f0                I2C2_ER_IRQHandler
                0x080003f0                DMA2_Stream1_IRQHandler
                0x080003f0                FLASH_IRQHandler
                0x080003f0                DMA2_Stream4_IRQHandler
                0x080003f0                OTG_FS_IRQHandler
                0x080003f0                SPI3_IRQHandler
                0x080003f0                DMA1_Stream4_IRQHandler
                0x080003f0                I2C1_ER_IRQHandler
                0x080003f0                DMA2_Stream6_IRQHandler
                0x080003f0                DMA1_Stream3_IRQHandler

.inits          0x080003f4       0x28
                0x080003f4                __data_regions_array_start = .
                0x080003f4        0x4 LONG 0x8001a78 LOADADDR (.data)
                0x080003f8        0x4 LONG 0x20000000 ADDR (.data)
                0x080003fc        0x4 LONG 0x20003c38 (ADDR (.data) + SIZEOF (.data))
                0x08000400        0x4 LONG 0x8001a78 LOADADDR (.data_CCMRAM)
                0x08000404        0x4 LONG 0x10000000 ADDR (.data_CCMRAM)
                0x08000408        0x4 LONG 0x10000000 (ADDR (.data_CCMRAM) + SIZEOF (.data_CCMRAM))
                0x0800040c                __data_regions_array_end = .
                0x0800040c                __bss_regions_array_start = .
                0x0800040c        0x4 LONG 0x20003c38 ADDR (.bss)
                0x08000410        0x4 LONG 0x20003d04 (ADDR (.bss) + SIZEOF (.bss))
                0x08000414        0x4 LONG 0x10000000 ADDR (.bss_CCMRAM)
                0x08000418        0x4 LONG 0x10000000 (ADDR (.bss_CCMRAM) + SIZEOF (.bss_CCMRAM))
                0x0800041c                __bss_regions_array_end = .
 *(.init)
 *(.fini)
                0x0800041c                . = ALIGN (0x4)
                0x0800041c                PROVIDE (__preinit_array_start, .)
 *(.preinit_array_sysinit .preinit_array_sysinit.*)
 *(.preinit_array_platform .preinit_array_platform.*)
 *(.preinit_array .preinit_array.*)
                0x0800041c                PROVIDE (__preinit_array_end, .)
                0x0800041c                . = ALIGN (0x4)
                0x0800041c                PROVIDE (__init_array_start, .)
 *(SORT_BY_NAME(.init_array.*))
 *(.init_array)
                0x0800041c                PROVIDE (__init_array_end, .)
                0x0800041c                . = ALIGN (0x4)
                0x0800041c                PROVIDE (__fini_array_start, .)
 *(SORT_BY_NAME(.fini_array.*))
 *(.fini_array)
                0x0800041c                PROVIDE (__fini_array_end, .)

.flashtext
 *(.flashtext .flashtext.*)

.text           0x08000420     0x164f
 *(.text .text.*)
 .text._exit    0x08000420        0x2 ./system/src/newlib/_exit.o
                0x08000420                _exit
 *fill*         0x08000422        0x2 
 .text._sbrk    0x08000424       0x44 ./system/src/newlib/_sbrk.o
                0x08000424                _sbrk
 .text.__initialize_args
                0x08000468       0x10 ./system/src/newlib/_syscalls.o
                0x08000468                __initialize_args
 .text.trace_printf
                0x08000478       0x30 ./system/src/diag/Trace.o
                0x08000478                trace_printf
 .text._trace_write_semihosting_debug
                0x080004a8       0x60 ./system/src/diag/trace_impl.o
 .text.trace_write
                0x08000508        0x8 ./system/src/diag/trace_impl.o
                0x08000508                trace_write
 .text.__initialize_hardware_early
                0x08000510       0x18 ./system/src/cortexm/_initialize_hardware.o
                0x08000510                __initialize_hardware_early
 .text.dumpExceptionStack
                0x08000528       0xf4 ./system/src/cortexm/exception_handlers.o
                0x08000528                dumpExceptionStack
 .text.isSemihosting
                0x0800061c       0x20 ./system/src/cortexm/exception_handlers.o
                0x0800061c                isSemihosting
 .text.SystemInit
                0x0800063c       0x40 ./system/src/cmsis/system_stm32f4xx.o
                0x0800063c                SystemInit
 .text.USART1_IRQHandler
                0x0800067c       0x1c ./src/MCAL/UART/UART_prg.o
                0x0800067c                USART1_IRQHandler
 .text.USART2_IRQHandler
                0x08000698       0x1c ./src/MCAL/UART/UART_prg.o
                0x08000698                USART2_IRQHandler
 .text.USART6_IRQHandler
                0x080006b4       0x1c ./src/MCAL/UART/UART_prg.o
                0x080006b4                USART6_IRQHandler
 .text.MUSART_vInit
                0x080006d0       0xdc ./src/MCAL/UART/UART_prg.o
                0x080006d0                MUSART_vInit
 .text.MSUART_Enable
                0x080007ac        0xa ./src/MCAL/UART/UART_prg.o
                0x080007ac                MSUART_Enable
 .text.MSUART_vTransmitByteSynch
                0x080007b6       0x12 ./src/MCAL/UART/UART_prg.o
                0x080007b6                MSUART_vTransmitByteSynch
 .text.MUSART_u8ReceiveByteSynchBlocking
                0x080007c8        0xc ./src/MCAL/UART/UART_prg.o
                0x080007c8                MUSART_u8ReceiveByteSynchBlocking
 .text.MRCC_vInit
                0x080007d4       0x70 ./src/MCAL/RCC/RCC_prg.o
                0x080007d4                MRCC_vInit
 .text.MRCC_vEnableClock
                0x08000844       0x98 ./src/MCAL/RCC/RCC_prg.o
                0x08000844                MRCC_vEnableClock
 .text.MGPIO_vSetPinMode
                0x080008dc       0x7c ./src/MCAL/GPIO/GPIO_prg.o
                0x080008dc                MGPIO_vSetPinMode
 .text.MGPIO_vPinOutputType
                0x08000958       0x94 ./src/MCAL/GPIO/GPIO_prg.o
                0x08000958                MGPIO_vPinOutputType
 .text.MGPIO_vSetPinOutputSpeed
                0x080009ec       0x7c ./src/MCAL/GPIO/GPIO_prg.o
                0x080009ec                MGPIO_vSetPinOutputSpeed
 .text.MGPIO_vTogglePinValue
                0x08000a68       0x48 ./src/MCAL/GPIO/GPIO_prg.o
                0x08000a68                MGPIO_vTogglePinValue
 .text.MGPIO_vSetAlternativeFunction
                0x08000ab0       0xf4 ./src/MCAL/GPIO/GPIO_prg.o
                0x08000ab0                MGPIO_vSetAlternativeFunction
 .text.MEXTI_vClearFlag
                0x08000ba4       0x14 ./src/MCAL/EXTI/EXTI_prg.o
                0x08000ba4                MEXTI_vClearFlag
 .text.EXTI0_IRQHandler
                0x08000bb8       0x18 ./src/MCAL/EXTI/EXTI_prg.o
                0x08000bb8                EXTI0_IRQHandler
 .text.MDMA_vClearCH0Flag
                0x08000bd0        0xa ./src/MCAL/DMA/DMA_prg.o
                0x08000bd0                MDMA_vClearCH0Flag
 *fill*         0x08000bda        0x2 
 .text.DMA2_Stream0_IRQHandler
                0x08000bdc       0x1c ./src/MCAL/DMA/DMA_prg.o
                0x08000bdc                DMA2_Stream0_IRQHandler
 .text.__initialize_hardware
                0x08000bf8        0x2 ./src/_initialize_hardware.o
                0x08000bf8                __initialize_hardware
 *fill*         0x08000bfa        0x2 
 .text.main     0x08000bfc       0xf8 ./src/main.o
                0x08000bfc                main
 .text          0x08000cf4       0x30 c:/users/dabou/desktop/imt_sdk_win_64/winarm/armgcc/bin/../lib/gcc/arm-none-eabi/7.2.1/thumb/v7e-m\libgcc.a(_aeabi_uldivmod.o)
                0x08000cf4                __aeabi_uldivmod
 .text          0x08000d24      0x2cc c:/users/dabou/desktop/imt_sdk_win_64/winarm/armgcc/bin/../lib/gcc/arm-none-eabi/7.2.1/thumb/v7e-m\libgcc.a(_udivmoddi4.o)
                0x08000d24                __udivmoddi4
 .text          0x08000ff0        0x4 c:/users/dabou/desktop/imt_sdk_win_64/winarm/armgcc/bin/../lib/gcc/arm-none-eabi/7.2.1/thumb/v7e-m\libgcc.a(_dvmd_tls.o)
                0x08000ff0                __aeabi_idiv0
                0x08000ff0                __aeabi_ldiv0
 .text.__errno  0x08000ff4        0xc c:/users/dabou/desktop/imt_sdk_win_64/winarm/armgcc/bin/../lib/gcc/arm-none-eabi/7.2.1/../../../../arm-none-eabi/lib/thumb/v7e-m\libg_nano.a(lib_a-errno.o)
                0x08000ff4                __errno
 .text._vsnprintf_r
                0x08001000       0x58 c:/users/dabou/desktop/imt_sdk_win_64/winarm/armgcc/bin/../lib/gcc/arm-none-eabi/7.2.1/../../../../arm-none-eabi/lib/thumb/v7e-m\libg_nano.a(lib_a-vsnprintf.o)
                0x08001000                _vsniprintf_r
                0x08001000                _vsnprintf_r
 .text.vsnprintf
                0x08001058       0x1c c:/users/dabou/desktop/imt_sdk_win_64/winarm/armgcc/bin/../lib/gcc/arm-none-eabi/7.2.1/../../../../arm-none-eabi/lib/thumb/v7e-m\libg_nano.a(lib_a-vsnprintf.o)
                0x08001058                vsniprintf
                0x08001058                vsnprintf
 .text.__ssputs_r
                0x08001074       0xb4 c:/users/dabou/desktop/imt_sdk_win_64/winarm/armgcc/bin/../lib/gcc/arm-none-eabi/7.2.1/../../../../arm-none-eabi/lib/thumb/v7e-m\libg_nano.a(lib_a-nano-svfprintf.o)
                0x08001074                __ssputs_r
 .text._svfprintf_r
                0x08001128      0x1ec c:/users/dabou/desktop/imt_sdk_win_64/winarm/armgcc/bin/../lib/gcc/arm-none-eabi/7.2.1/../../../../arm-none-eabi/lib/thumb/v7e-m\libg_nano.a(lib_a-nano-svfprintf.o)
                0x08001128                _svfiprintf_r
                0x08001128                _svfprintf_r
 .text._printf_common
                0x08001314       0xea c:/users/dabou/desktop/imt_sdk_win_64/winarm/armgcc/bin/../lib/gcc/arm-none-eabi/7.2.1/../../../../arm-none-eabi/lib/thumb/v7e-m\libg_nano.a(lib_a-nano-vfprintf_i.o)
                0x08001314                _printf_common
 *fill*         0x080013fe        0x2 
 .text._printf_i
                0x08001400      0x224 c:/users/dabou/desktop/imt_sdk_win_64/winarm/armgcc/bin/../lib/gcc/arm-none-eabi/7.2.1/../../../../arm-none-eabi/lib/thumb/v7e-m\libg_nano.a(lib_a-nano-vfprintf_i.o)
                0x08001400                _printf_i
 *fill*         0x08001624        0xc 
 .text          0x08001630       0xa0 c:/users/dabou/desktop/imt_sdk_win_64/winarm/armgcc/bin/../lib/gcc/arm-none-eabi/7.2.1/../../../../arm-none-eabi/lib/thumb/v7e-m\libg_nano.a(lib_a-memchr.o)
                0x08001630                memchr
 .text.memcpy   0x080016d0       0x16 c:/users/dabou/desktop/imt_sdk_win_64/winarm/armgcc/bin/../lib/gcc/arm-none-eabi/7.2.1/../../../../arm-none-eabi/lib/thumb/v7e-m\libg_nano.a(lib_a-memcpy-stub.o)
                0x080016d0                memcpy
 .text.memmove  0x080016e6       0x32 c:/users/dabou/desktop/imt_sdk_win_64/winarm/armgcc/bin/../lib/gcc/arm-none-eabi/7.2.1/../../../../arm-none-eabi/lib/thumb/v7e-m\libg_nano.a(lib_a-memmove.o)
                0x080016e6                memmove
 .text._free_r  0x08001718       0x9c c:/users/dabou/desktop/imt_sdk_win_64/winarm/armgcc/bin/../lib/gcc/arm-none-eabi/7.2.1/../../../../arm-none-eabi/lib/thumb/v7e-m\libg_nano.a(lib_a-nano-freer.o)
                0x08001718                _free_r
 .text._malloc_r
                0x080017b4       0xb4 c:/users/dabou/desktop/imt_sdk_win_64/winarm/armgcc/bin/../lib/gcc/arm-none-eabi/7.2.1/../../../../arm-none-eabi/lib/thumb/v7e-m\libg_nano.a(lib_a-nano-mallocr.o)
                0x080017b4                _malloc_r
 .text._realloc_r
                0x08001868       0x4c c:/users/dabou/desktop/imt_sdk_win_64/winarm/armgcc/bin/../lib/gcc/arm-none-eabi/7.2.1/../../../../arm-none-eabi/lib/thumb/v7e-m\libg_nano.a(lib_a-nano-reallocr.o)
                0x08001868                _realloc_r
 .text._sbrk_r  0x080018b4       0x20 c:/users/dabou/desktop/imt_sdk_win_64/winarm/armgcc/bin/../lib/gcc/arm-none-eabi/7.2.1/../../../../arm-none-eabi/lib/thumb/v7e-m\libg_nano.a(lib_a-sbrkr.o)
                0x080018b4                _sbrk_r
 .text.__malloc_lock
                0x080018d4        0x2 c:/users/dabou/desktop/imt_sdk_win_64/winarm/armgcc/bin/../lib/gcc/arm-none-eabi/7.2.1/../../../../arm-none-eabi/lib/thumb/v7e-m\libg_nano.a(lib_a-mlock.o)
                0x080018d4                __malloc_lock
 .text.__malloc_unlock
                0x080018d6        0x2 c:/users/dabou/desktop/imt_sdk_win_64/winarm/armgcc/bin/../lib/gcc/arm-none-eabi/7.2.1/../../../../arm-none-eabi/lib/thumb/v7e-m\libg_nano.a(lib_a-mlock.o)
                0x080018d6                __malloc_unlock
 .text._malloc_usable_size_r
                0x080018d8       0x10 c:/users/dabou/desktop/imt_sdk_win_64/winarm/armgcc/bin/../lib/gcc/arm-none-eabi/7.2.1/../../../../arm-none-eabi/lib/thumb/v7e-m\libg_nano.a(lib_a-nano-msizer.o)
                0x080018d8                _malloc_usable_size_r
 *(.rodata .rodata.* .constdata .constdata.*)
 .rodata.dumpExceptionStack.str1.4
                0x080018e8      0x11a ./system/src/cortexm/exception_handlers.o
 *fill*         0x08001a02        0x2 
 .rodata.str1.4
                0x08001a04       0x2c ./system/src/cortexm/exception_handlers.o
                                 0x2a (size before relaxing)
 .rodata        0x08001a30        0xc ./src/main.o
 .rodata._svfprintf_r.str1.1
                0x08001a3c       0x11 c:/users/dabou/desktop/imt_sdk_win_64/winarm/armgcc/bin/../lib/gcc/arm-none-eabi/7.2.1/../../../../arm-none-eabi/lib/thumb/v7e-m\libg_nano.a(lib_a-nano-svfprintf.o)
 .rodata._printf_i.str1.1
                0x08001a4d       0x22 c:/users/dabou/desktop/imt_sdk_win_64/winarm/armgcc/bin/../lib/gcc/arm-none-eabi/7.2.1/../../../../arm-none-eabi/lib/thumb/v7e-m\libg_nano.a(lib_a-nano-vfprintf_i.o)
 *(vtable)
 *(.eh_frame*)
 *(.glue_7)
 .glue_7        0x08001a6f        0x0 linker stubs
 *(.glue_7t)
 .glue_7t       0x08001a6f        0x0 linker stubs

.vfp11_veneer   0x08001a70        0x0
 .vfp11_veneer  0x08001a70        0x0 linker stubs

.v4_bx          0x08001a70        0x0
 .v4_bx         0x08001a70        0x0 linker stubs

.iplt           0x08001a70        0x0
 .iplt          0x08001a70        0x0 ./system/src/newlib/_exit.o

.ARM.extab
 *(.ARM.extab* .gnu.linkonce.armextab.*)
                0x08001a70                . = ALIGN (0x4)
                0x08001a70                __exidx_start = .

.ARM.exidx      0x08001a70        0x8
 *(.ARM.exidx* .gnu.linkonce.armexidx.*)
 .ARM.exidx     0x08001a70        0x8 c:/users/dabou/desktop/imt_sdk_win_64/winarm/armgcc/bin/../lib/gcc/arm-none-eabi/7.2.1/thumb/v7e-m\libgcc.a(_udivmoddi4.o)
                0x08001a78                __exidx_end = .

.rel.dyn        0x08001a78        0x0
 .rel.iplt      0x08001a78        0x0 ./system/src/newlib/_exit.o
                0x08001a78                . = ALIGN (0x4)
                0x08001a78                _etext = .
                0x08001a78                __etext = .

.data_CCMRAM    0x10000000        0x0 load address 0x08001a78
 FILL mask 0xff
 *(.data.CCMRAM .data.CCMRAM.*)
                0x10000000                . = ALIGN (0x4)
                0x08001a78                _sidata = LOADADDR (.data)

.data           0x20000000     0x3c38 load address 0x08001a78
 FILL mask 0xff
                0x20000000                _sdata = .
                0x20000000                __data_start__ = .
 *(.data_begin .data_begin.*)
 .data_begin    0x20000000        0x4 ./system/src/newlib/_startup.o
 *(.data .data.*)
 .data.argv.4310
                0x20000004        0x8 ./system/src/newlib/_syscalls.o
 .data.HEX_arr  0x2000000c     0x3bc4 ./src/main.o
                0x2000000c                HEX_arr
 .data._impure_ptr
                0x20003bd0        0x4 c:/users/dabou/desktop/imt_sdk_win_64/winarm/armgcc/bin/../lib/gcc/arm-none-eabi/7.2.1/../../../../arm-none-eabi/lib/thumb/v7e-m\libg_nano.a(lib_a-impure.o)
                0x20003bd0                _impure_ptr
 .data.impure_data
                0x20003bd4       0x60 c:/users/dabou/desktop/imt_sdk_win_64/winarm/armgcc/bin/../lib/gcc/arm-none-eabi/7.2.1/../../../../arm-none-eabi/lib/thumb/v7e-m\libg_nano.a(lib_a-impure.o)
 *(.data_end .data_end.*)
 .data_end      0x20003c34        0x4 ./system/src/newlib/_startup.o
                0x20003c38                . = ALIGN (0x4)
                0x20003c38                _edata = .
                0x20003c38                __data_end__ = .

.igot.plt       0x20003c38        0x0 load address 0x080056b0
 .igot.plt      0x20003c38        0x0 ./system/src/newlib/_exit.o

.bss_CCMRAM     0x10000000        0x0
 *(.bss.CCMRAM .bss.CCMRAM.*)

.bss            0x20003c38       0xcc
                0x20003c38                __bss_start__ = .
                0x20003c38                _sbss = .
 *(.bss_begin .bss_begin.*)
 .bss_begin     0x20003c38        0x4 ./system/src/newlib/_startup.o
 *(.bss .bss.*)
 .bss.current_heap_end.3961
                0x20003c3c        0x4 ./system/src/newlib/_sbrk.o
 .bss.name.4309
                0x20003c40        0x1 ./system/src/newlib/_syscalls.o
 *fill*         0x20003c41        0x3 
 .bss.buf.5205  0x20003c44       0x80 ./system/src/diag/Trace.o
 .bss.MUSART1_CallBack
                0x20003cc4        0x4 ./src/MCAL/UART/UART_prg.o
                0x20003cc4                MUSART1_CallBack
 .bss.MUSART2_CallBack
                0x20003cc8        0x4 ./src/MCAL/UART/UART_prg.o
                0x20003cc8                MUSART2_CallBack
 .bss.MUSART6_CallBack
                0x20003ccc        0x4 ./src/MCAL/UART/UART_prg.o
                0x20003ccc                MUSART6_CallBack
 .bss.G_CallBack
                0x20003cd0        0x4 ./src/MCAL/EXTI/EXTI_prg.o
                0x20003cd0                G_CallBack
 .bss.Call_Back
                0x20003cd4       0x20 ./src/MCAL/DMA/DMA_prg.o
 .bss.__malloc_free_list
                0x20003cf4        0x4 c:/users/dabou/desktop/imt_sdk_win_64/winarm/armgcc/bin/../lib/gcc/arm-none-eabi/7.2.1/../../../../arm-none-eabi/lib/thumb/v7e-m\libg_nano.a(lib_a-nano-mallocr.o)
                0x20003cf4                __malloc_free_list
 .bss.__malloc_sbrk_start
                0x20003cf8        0x4 c:/users/dabou/desktop/imt_sdk_win_64/winarm/armgcc/bin/../lib/gcc/arm-none-eabi/7.2.1/../../../../arm-none-eabi/lib/thumb/v7e-m\libg_nano.a(lib_a-nano-mallocr.o)
                0x20003cf8                __malloc_sbrk_start
 *(COMMON)
 COMMON         0x20003cfc        0x4 ./system/src/newlib/_syscalls.o
                0x20003cfc                errno
 *(.bss_end .bss_end.*)
 .bss_end       0x20003d00        0x4 ./system/src/newlib/_startup.o
                0x20003d04                . = ALIGN (0x4)
                0x20003d04                __bss_end__ = .
                0x20003d04                _ebss = .

.noinit_CCMRAM
 *(.noinit.CCMRAM .noinit.CCMRAM.*)

.noinit         0x20003d04        0x0
                0x20003d04                _noinit = .
 *(.noinit .noinit.*)
                0x20003d04                . = ALIGN (0x4)
                0x20003d04                _end_noinit = .
                [!provide]                PROVIDE (end, _end_noinit)
                [!provide]                PROVIDE (_end, _end_noinit)
                [!provide]                PROVIDE (__end, _end_noinit)
                [!provide]                PROVIDE (__end__, _end_noinit)

._check_stack   0x20003d04      0x100
                0x20003e04                . = (. + _Minimum_Stack_Size)
 *fill*         0x20003d04      0x100 

.b1text
 *(.b1text)
 *(.b1rodata)
 *(.b1rodata.*)

.eb0text
 *(.eb0text)
 *(.eb0rodata)
 *(.eb0rodata.*)

.eb1text
 *(.eb1text)
 *(.eb1rodata)
 *(.eb1rodata.*)

.eb2text
 *(.eb2text)
 *(.eb2rodata)
 *(.eb2rodata.*)

.eb3text
 *(.eb3text)
 *(.eb3rodata)
 *(.eb3rodata.*)

.stab
 *(.stab)

.stabstr
 *(.stabstr)

.stab.excl
 *(.stab.excl)

.stab.exclstr
 *(.stab.exclstr)

.stab.index
 *(.stab.index)

.stab.indexstr
 *(.stab.indexstr)

.comment        0x00000000       0x7e
 *(.comment)
 .comment       0x00000000       0x7e ./system/src/newlib/_exit.o
                                 0x7f (size before relaxing)
 .comment       0x0000007e       0x7f ./system/src/newlib/_sbrk.o
 .comment       0x0000007e       0x7f ./system/src/newlib/_startup.o
 .comment       0x0000007e       0x7f ./system/src/newlib/_syscalls.o
 .comment       0x0000007e       0x7f ./system/src/diag/Trace.o
 .comment       0x0000007e       0x7f ./system/src/diag/trace_impl.o
 .comment       0x0000007e       0x7f ./system/src/cortexm/_initialize_hardware.o
 .comment       0x0000007e       0x7f ./system/src/cortexm/exception_handlers.o
 .comment       0x0000007e       0x7f ./system/src/cmsis/system_stm32f4xx.o
 .comment       0x0000007e       0x7f ./system/src/cmsis/vectors_stm32f401xc.o
 .comment       0x0000007e       0x7f ./src/MCAL/UART/UART_prg.o
 .comment       0x0000007e       0x7f ./src/MCAL/RCC/RCC_prg.o
 .comment       0x0000007e       0x7f ./src/MCAL/GPIO/GPIO_prg.o
 .comment       0x0000007e       0x7f ./src/MCAL/EXTI/EXTI_prg.o
 .comment       0x0000007e       0x7f ./src/MCAL/DMA/DMA_prg.o
 .comment       0x0000007e       0x7f ./src/_initialize_hardware.o
 .comment       0x0000007e       0x7f ./src/main.o

.ARM.attributes
                0x00000000       0x31
 .ARM.attributes
                0x00000000       0x33 ./system/src/newlib/_exit.o
 .ARM.attributes
                0x00000033       0x33 ./system/src/newlib/_sbrk.o
 .ARM.attributes
                0x00000066       0x33 ./system/src/newlib/_startup.o
 .ARM.attributes
                0x00000099       0x33 ./system/src/newlib/_syscalls.o
 .ARM.attributes
                0x000000cc       0x33 ./system/src/diag/Trace.o
 .ARM.attributes
                0x000000ff       0x33 ./system/src/diag/trace_impl.o
 .ARM.attributes
                0x00000132       0x33 ./system/src/cortexm/_initialize_hardware.o
 .ARM.attributes
                0x00000165       0x33 ./system/src/cortexm/exception_handlers.o
 .ARM.attributes
                0x00000198       0x33 ./system/src/cmsis/system_stm32f4xx.o
 .ARM.attributes
                0x000001cb       0x33 ./system/src/cmsis/vectors_stm32f401xc.o
 .ARM.attributes
                0x000001fe       0x33 ./src/MCAL/UART/UART_prg.o
 .ARM.attributes
                0x00000231       0x33 ./src/MCAL/RCC/RCC_prg.o
 .ARM.attributes
                0x00000264       0x33 ./src/MCAL/GPIO/GPIO_prg.o
 .ARM.attributes
                0x00000297       0x33 ./src/MCAL/EXTI/EXTI_prg.o
 .ARM.attributes
                0x000002ca       0x33 ./src/MCAL/DMA/DMA_prg.o
 .ARM.attributes
                0x000002fd       0x33 ./src/_initialize_hardware.o
 .ARM.attributes
                0x00000330       0x33 ./src/main.o
 .ARM.attributes
                0x00000363       0x1e c:/users/dabou/desktop/imt_sdk_win_64/winarm/armgcc/bin/../lib/gcc/arm-none-eabi/7.2.1/thumb/v7e-m\libgcc.a(_aeabi_uldivmod.o)
 .ARM.attributes
                0x00000381       0x2e c:/users/dabou/desktop/imt_sdk_win_64/winarm/armgcc/bin/../lib/gcc/arm-none-eabi/7.2.1/thumb/v7e-m\libgcc.a(_udivmoddi4.o)
 .ARM.attributes
                0x000003af       0x1e c:/users/dabou/desktop/imt_sdk_win_64/winarm/armgcc/bin/../lib/gcc/arm-none-eabi/7.2.1/thumb/v7e-m\libgcc.a(_dvmd_tls.o)
 .ARM.attributes
                0x000003cd       0x2e c:/users/dabou/desktop/imt_sdk_win_64/winarm/armgcc/bin/../lib/gcc/arm-none-eabi/7.2.1/../../../../arm-none-eabi/lib/thumb/v7e-m\libg_nano.a(lib_a-errno.o)
 .ARM.attributes
                0x000003fb       0x2e c:/users/dabou/desktop/imt_sdk_win_64/winarm/armgcc/bin/../lib/gcc/arm-none-eabi/7.2.1/../../../../arm-none-eabi/lib/thumb/v7e-m\libg_nano.a(lib_a-impure.o)
 .ARM.attributes
                0x00000429       0x2e c:/users/dabou/desktop/imt_sdk_win_64/winarm/armgcc/bin/../lib/gcc/arm-none-eabi/7.2.1/../../../../arm-none-eabi/lib/thumb/v7e-m\libg_nano.a(lib_a-vsnprintf.o)
 .ARM.attributes
                0x00000457       0x2e c:/users/dabou/desktop/imt_sdk_win_64/winarm/armgcc/bin/../lib/gcc/arm-none-eabi/7.2.1/../../../../arm-none-eabi/lib/thumb/v7e-m\libg_nano.a(lib_a-nano-svfprintf.o)
 .ARM.attributes
                0x00000485       0x2e c:/users/dabou/desktop/imt_sdk_win_64/winarm/armgcc/bin/../lib/gcc/arm-none-eabi/7.2.1/../../../../arm-none-eabi/lib/thumb/v7e-m\libg_nano.a(lib_a-nano-vfprintf_i.o)
 .ARM.attributes
                0x000004b3       0x1c c:/users/dabou/desktop/imt_sdk_win_64/winarm/armgcc/bin/../lib/gcc/arm-none-eabi/7.2.1/../../../../arm-none-eabi/lib/thumb/v7e-m\libg_nano.a(lib_a-memchr.o)
 .ARM.attributes
                0x000004cf       0x2e c:/users/dabou/desktop/imt_sdk_win_64/winarm/armgcc/bin/../lib/gcc/arm-none-eabi/7.2.1/../../../../arm-none-eabi/lib/thumb/v7e-m\libg_nano.a(lib_a-memcpy-stub.o)
 .ARM.attributes
                0x000004fd       0x2e c:/users/dabou/desktop/imt_sdk_win_64/winarm/armgcc/bin/../lib/gcc/arm-none-eabi/7.2.1/../../../../arm-none-eabi/lib/thumb/v7e-m\libg_nano.a(lib_a-memmove.o)
 .ARM.attributes
                0x0000052b       0x2e c:/users/dabou/desktop/imt_sdk_win_64/winarm/armgcc/bin/../lib/gcc/arm-none-eabi/7.2.1/../../../../arm-none-eabi/lib/thumb/v7e-m\libg_nano.a(lib_a-nano-freer.o)
 .ARM.attributes
                0x00000559       0x2e c:/users/dabou/desktop/imt_sdk_win_64/winarm/armgcc/bin/../lib/gcc/arm-none-eabi/7.2.1/../../../../arm-none-eabi/lib/thumb/v7e-m\libg_nano.a(lib_a-nano-mallocr.o)
 .ARM.attributes
                0x00000587       0x2e c:/users/dabou/desktop/imt_sdk_win_64/winarm/armgcc/bin/../lib/gcc/arm-none-eabi/7.2.1/../../../../arm-none-eabi/lib/thumb/v7e-m\libg_nano.a(lib_a-nano-reallocr.o)
 .ARM.attributes
                0x000005b5       0x2e c:/users/dabou/desktop/imt_sdk_win_64/winarm/armgcc/bin/../lib/gcc/arm-none-eabi/7.2.1/../../../../arm-none-eabi/lib/thumb/v7e-m\libg_nano.a(lib_a-sbrkr.o)
 .ARM.attributes
                0x000005e3       0x2e c:/users/dabou/desktop/imt_sdk_win_64/winarm/armgcc/bin/../lib/gcc/arm-none-eabi/7.2.1/../../../../arm-none-eabi/lib/thumb/v7e-m\libg_nano.a(lib_a-mlock.o)
 .ARM.attributes
                0x00000611       0x2e c:/users/dabou/desktop/imt_sdk_win_64/winarm/armgcc/bin/../lib/gcc/arm-none-eabi/7.2.1/../../../../arm-none-eabi/lib/thumb/v7e-m\libg_nano.a(lib_a-nano-msizer.o)

.debug
 *(.debug)

.line
 *(.line)

.debug_srcinfo
 *(.debug_srcinfo)

.debug_sfnames
 *(.debug_sfnames)

.debug_aranges  0x00000000      0x458
 *(.debug_aranges)
 .debug_aranges
                0x00000000       0x28 ./system/src/newlib/_exit.o
 .debug_aranges
                0x00000028       0x20 ./system/src/newlib/_sbrk.o
 .debug_aranges
                0x00000048       0x40 ./system/src/newlib/_startup.o
 .debug_aranges
                0x00000088       0x30 ./system/src/newlib/_syscalls.o
 .debug_aranges
                0x000000b8       0x38 ./system/src/diag/Trace.o
 .debug_aranges
                0x000000f0       0x30 ./system/src/diag/trace_impl.o
 .debug_aranges
                0x00000120       0x28 ./system/src/cortexm/_initialize_hardware.o
 .debug_aranges
                0x00000148       0x90 ./system/src/cortexm/exception_handlers.o
 .debug_aranges
                0x000001d8       0x28 ./system/src/cmsis/system_stm32f4xx.o
 .debug_aranges
                0x00000200       0x20 ./system/src/cmsis/vectors_stm32f401xc.o
 .debug_aranges
                0x00000220       0xb0 ./src/MCAL/UART/UART_prg.o
 .debug_aranges
                0x000002d0       0x30 ./src/MCAL/RCC/RCC_prg.o
 .debug_aranges
                0x00000300       0x68 ./src/MCAL/GPIO/GPIO_prg.o
 .debug_aranges
                0x00000368       0x58 ./src/MCAL/EXTI/EXTI_prg.o
 .debug_aranges
                0x000003c0       0x50 ./src/MCAL/DMA/DMA_prg.o
 .debug_aranges
                0x00000410       0x28 ./src/_initialize_hardware.o
 .debug_aranges
                0x00000438       0x20 ./src/main.o

.debug_pubnames
 *(.debug_pubnames)

.debug_info     0x00000000     0x84c2
 *(.debug_info .gnu.linkonce.wi.*)
 .debug_info    0x00000000      0x956 ./system/src/newlib/_exit.o
 .debug_info    0x00000956      0x942 ./system/src/newlib/_sbrk.o
 .debug_info    0x00001298      0x4bf ./system/src/newlib/_startup.o
 .debug_info    0x00001757      0xa19 ./system/src/newlib/_syscalls.o
 .debug_info    0x00002170      0xb2a ./system/src/diag/Trace.o
 .debug_info    0x00002c9a      0xb6b ./system/src/diag/trace_impl.o
 .debug_info    0x00003805      0xade ./system/src/cortexm/_initialize_hardware.o
 .debug_info    0x000042e3     0x115a ./system/src/cortexm/exception_handlers.o
 .debug_info    0x0000543d      0xcfe ./system/src/cmsis/system_stm32f4xx.o
 .debug_info    0x0000613b       0xca ./system/src/cmsis/vectors_stm32f401xc.o
 .debug_info    0x00006205      0x521 ./src/MCAL/UART/UART_prg.o
 .debug_info    0x00006726      0x316 ./src/MCAL/RCC/RCC_prg.o
 .debug_info    0x00006a3c      0x385 ./src/MCAL/GPIO/GPIO_prg.o
 .debug_info    0x00006dc1      0x2af ./src/MCAL/EXTI/EXTI_prg.o
 .debug_info    0x00007070      0x2dc ./src/MCAL/DMA/DMA_prg.o
 .debug_info    0x0000734c      0xcfe ./src/_initialize_hardware.o
 .debug_info    0x0000804a      0x478 ./src/main.o

.debug_abbrev   0x00000000     0x1e0d
 *(.debug_abbrev)
 .debug_abbrev  0x00000000      0x1f3 ./system/src/newlib/_exit.o
 .debug_abbrev  0x000001f3      0x1fc ./system/src/newlib/_sbrk.o
 .debug_abbrev  0x000003ef      0x1cb ./system/src/newlib/_startup.o
 .debug_abbrev  0x000005ba      0x234 ./system/src/newlib/_syscalls.o
 .debug_abbrev  0x000007ee      0x276 ./system/src/diag/Trace.o
 .debug_abbrev  0x00000a64      0x2ef ./system/src/diag/trace_impl.o
 .debug_abbrev  0x00000d53      0x1de ./system/src/cortexm/_initialize_hardware.o
 .debug_abbrev  0x00000f31      0x32b ./system/src/cortexm/exception_handlers.o
 .debug_abbrev  0x0000125c      0x216 ./system/src/cmsis/system_stm32f4xx.o
 .debug_abbrev  0x00001472       0x9d ./system/src/cmsis/vectors_stm32f401xc.o
 .debug_abbrev  0x0000150f      0x16a ./src/MCAL/UART/UART_prg.o
 .debug_abbrev  0x00001679       0xd1 ./src/MCAL/RCC/RCC_prg.o
 .debug_abbrev  0x0000174a      0x11a ./src/MCAL/GPIO/GPIO_prg.o
 .debug_abbrev  0x00001864      0x122 ./src/MCAL/EXTI/EXTI_prg.o
 .debug_abbrev  0x00001986      0x128 ./src/MCAL/DMA/DMA_prg.o
 .debug_abbrev  0x00001aae      0x234 ./src/_initialize_hardware.o
 .debug_abbrev  0x00001ce2      0x12b ./src/main.o

.debug_line     0x00000000     0x5032
 *(.debug_line)
 .debug_line    0x00000000      0x347 ./system/src/newlib/_exit.o
 .debug_line    0x00000347      0x2fb ./system/src/newlib/_sbrk.o
 .debug_line    0x00000642      0x3c3 ./system/src/newlib/_startup.o
 .debug_line    0x00000a05      0x40f ./system/src/newlib/_syscalls.o
 .debug_line    0x00000e14      0x3c3 ./system/src/diag/Trace.o
 .debug_line    0x000011d7      0xab7 ./system/src/diag/trace_impl.o
 .debug_line    0x00001c8e      0xa20 ./system/src/cortexm/_initialize_hardware.o
 .debug_line    0x000026ae      0xb6e ./system/src/cortexm/exception_handlers.o
 .debug_line    0x0000321c      0xa26 ./system/src/cmsis/system_stm32f4xx.o
 .debug_line    0x00003c42      0x100 ./system/src/cmsis/vectors_stm32f401xc.o
 .debug_line    0x00003d42      0x239 ./src/MCAL/UART/UART_prg.o
 .debug_line    0x00003f7b      0x100 ./src/MCAL/RCC/RCC_prg.o
 .debug_line    0x0000407b      0x1f0 ./src/MCAL/GPIO/GPIO_prg.o
 .debug_line    0x0000426b      0x149 ./src/MCAL/EXTI/EXTI_prg.o
 .debug_line    0x000043b4      0x113 ./src/MCAL/DMA/DMA_prg.o
 .debug_line    0x000044c7      0xa16 ./src/_initialize_hardware.o
 .debug_line    0x00004edd      0x155 ./src/main.o

.debug_frame    0x00000000      0xbc8
 *(.debug_frame)
 .debug_frame   0x00000000       0x38 ./system/src/newlib/_exit.o
 .debug_frame   0x00000038       0x28 ./system/src/newlib/_sbrk.o
 .debug_frame   0x00000060       0x7c ./system/src/newlib/_startup.o
 .debug_frame   0x000000dc       0x50 ./system/src/newlib/_syscalls.o
 .debug_frame   0x0000012c       0x94 ./system/src/diag/Trace.o
 .debug_frame   0x000001c0       0x64 ./system/src/diag/trace_impl.o
 .debug_frame   0x00000224       0x40 ./system/src/cortexm/_initialize_hardware.o
 .debug_frame   0x00000264      0x158 ./system/src/cortexm/exception_handlers.o
 .debug_frame   0x000003bc       0x30 ./system/src/cmsis/system_stm32f4xx.o
 .debug_frame   0x000003ec       0x20 ./system/src/cmsis/vectors_stm32f401xc.o
 .debug_frame   0x0000040c      0x17c ./src/MCAL/UART/UART_prg.o
 .debug_frame   0x00000588       0x40 ./src/MCAL/RCC/RCC_prg.o
 .debug_frame   0x000005c8       0xfc ./src/MCAL/GPIO/GPIO_prg.o
 .debug_frame   0x000006c4       0xa8 ./src/MCAL/EXTI/EXTI_prg.o
 .debug_frame   0x0000076c       0xbc ./src/MCAL/DMA/DMA_prg.o
 .debug_frame   0x00000828       0x44 ./src/_initialize_hardware.o
 .debug_frame   0x0000086c       0x34 ./src/main.o
 .debug_frame   0x000008a0       0x2c c:/users/dabou/desktop/imt_sdk_win_64/winarm/armgcc/bin/../lib/gcc/arm-none-eabi/7.2.1/thumb/v7e-m\libgcc.a(_aeabi_uldivmod.o)
 .debug_frame   0x000008cc       0x34 c:/users/dabou/desktop/imt_sdk_win_64/winarm/armgcc/bin/../lib/gcc/arm-none-eabi/7.2.1/thumb/v7e-m\libgcc.a(_udivmoddi4.o)
 .debug_frame   0x00000900       0x20 c:/users/dabou/desktop/imt_sdk_win_64/winarm/armgcc/bin/../lib/gcc/arm-none-eabi/7.2.1/../../../../arm-none-eabi/lib/thumb/v7e-m\libg_nano.a(lib_a-errno.o)
 .debug_frame   0x00000920       0x4c c:/users/dabou/desktop/imt_sdk_win_64/winarm/armgcc/bin/../lib/gcc/arm-none-eabi/7.2.1/../../../../arm-none-eabi/lib/thumb/v7e-m\libg_nano.a(lib_a-vsnprintf.o)
 .debug_frame   0x0000096c       0x90 c:/users/dabou/desktop/imt_sdk_win_64/winarm/armgcc/bin/../lib/gcc/arm-none-eabi/7.2.1/../../../../arm-none-eabi/lib/thumb/v7e-m\libg_nano.a(lib_a-nano-svfprintf.o)
 .debug_frame   0x000009fc       0x60 c:/users/dabou/desktop/imt_sdk_win_64/winarm/armgcc/bin/../lib/gcc/arm-none-eabi/7.2.1/../../../../arm-none-eabi/lib/thumb/v7e-m\libg_nano.a(lib_a-nano-vfprintf_i.o)
 .debug_frame   0x00000a5c       0x28 c:/users/dabou/desktop/imt_sdk_win_64/winarm/armgcc/bin/../lib/gcc/arm-none-eabi/7.2.1/../../../../arm-none-eabi/lib/thumb/v7e-m\libg_nano.a(lib_a-memcpy-stub.o)
 .debug_frame   0x00000a84       0x28 c:/users/dabou/desktop/imt_sdk_win_64/winarm/armgcc/bin/../lib/gcc/arm-none-eabi/7.2.1/../../../../arm-none-eabi/lib/thumb/v7e-m\libg_nano.a(lib_a-memmove.o)
 .debug_frame   0x00000aac       0x38 c:/users/dabou/desktop/imt_sdk_win_64/winarm/armgcc/bin/../lib/gcc/arm-none-eabi/7.2.1/../../../../arm-none-eabi/lib/thumb/v7e-m\libg_nano.a(lib_a-nano-freer.o)
 .debug_frame   0x00000ae4       0x2c c:/users/dabou/desktop/imt_sdk_win_64/winarm/armgcc/bin/../lib/gcc/arm-none-eabi/7.2.1/../../../../arm-none-eabi/lib/thumb/v7e-m\libg_nano.a(lib_a-nano-mallocr.o)
 .debug_frame   0x00000b10       0x3c c:/users/dabou/desktop/imt_sdk_win_64/winarm/armgcc/bin/../lib/gcc/arm-none-eabi/7.2.1/../../../../arm-none-eabi/lib/thumb/v7e-m\libg_nano.a(lib_a-nano-reallocr.o)
 .debug_frame   0x00000b4c       0x2c c:/users/dabou/desktop/imt_sdk_win_64/winarm/armgcc/bin/../lib/gcc/arm-none-eabi/7.2.1/../../../../arm-none-eabi/lib/thumb/v7e-m\libg_nano.a(lib_a-sbrkr.o)
 .debug_frame   0x00000b78       0x30 c:/users/dabou/desktop/imt_sdk_win_64/winarm/armgcc/bin/../lib/gcc/arm-none-eabi/7.2.1/../../../../arm-none-eabi/lib/thumb/v7e-m\libg_nano.a(lib_a-mlock.o)
 .debug_frame   0x00000ba8       0x20 c:/users/dabou/desktop/imt_sdk_win_64/winarm/armgcc/bin/../lib/gcc/arm-none-eabi/7.2.1/../../../../arm-none-eabi/lib/thumb/v7e-m\libg_nano.a(lib_a-nano-msizer.o)

.debug_str      0x00000000    0x74714
 *(.debug_str)
 .debug_str     0x00000000     0x7d28 ./system/src/newlib/_exit.o
                               0x7efb (size before relaxing)
 .debug_str     0x00007d28      0x4f5 ./system/src/newlib/_sbrk.o
                               0x72ad (size before relaxing)
 .debug_str     0x0000821d      0xc23 ./system/src/newlib/_startup.o
                               0x6a4e (size before relaxing)
 .debug_str     0x00008e40      0xe8b ./system/src/newlib/_syscalls.o
                               0x8188 (size before relaxing)
 .debug_str     0x00009ccb      0x826 ./system/src/diag/Trace.o
                               0x8673 (size before relaxing)
 .debug_str     0x0000a4f1    0x67a2e ./system/src/diag/trace_impl.o
                              0x70999 (size before relaxing)
 .debug_str     0x00071f1f       0xc4 ./system/src/cortexm/_initialize_hardware.o
                              0x6f72b (size before relaxing)
 .debug_str     0x00071fe3      0x1a6 ./system/src/cortexm/exception_handlers.o
                              0x70b23 (size before relaxing)
 .debug_str     0x00072189      0x164 ./system/src/cmsis/system_stm32f4xx.o
                              0x6f80c (size before relaxing)
 .debug_str     0x000722ed       0x59 ./system/src/cmsis/vectors_stm32f401xc.o
                               0x388b (size before relaxing)
 .debug_str     0x00072346      0xe53 ./src/MCAL/UART/UART_prg.o
                               0x3cbc (size before relaxing)
 .debug_str     0x00073199      0x7cd ./src/MCAL/RCC/RCC_prg.o
                               0x372a (size before relaxing)
 .debug_str     0x00073966      0x6a2 ./src/MCAL/GPIO/GPIO_prg.o
                               0x355b (size before relaxing)
 .debug_str     0x00074008      0x326 ./src/MCAL/EXTI/EXTI_prg.o
                               0x31e6 (size before relaxing)
 .debug_str     0x0007432e      0x1e4 ./src/MCAL/DMA/DMA_prg.o
                               0x30a4 (size before relaxing)
 .debug_str     0x00074512      0x19a ./src/_initialize_hardware.o
                              0x6f903 (size before relaxing)
 .debug_str     0x000746ac       0x68 ./src/main.o
                               0x3934 (size before relaxing)

.debug_loc      0x00000000     0x1b89
 *(.debug_loc)
 .debug_loc     0x00000000       0x85 ./system/src/newlib/_sbrk.o
 .debug_loc     0x00000085      0x2cb ./system/src/newlib/_startup.o
 .debug_loc     0x00000350       0x63 ./system/src/newlib/_syscalls.o
 .debug_loc     0x000003b3       0xf6 ./system/src/diag/Trace.o
 .debug_loc     0x000004a9      0x121 ./system/src/diag/trace_impl.o
 .debug_loc     0x000005ca      0x291 ./system/src/cortexm/exception_handlers.o
 .debug_loc     0x0000085b      0x13e ./system/src/cmsis/system_stm32f4xx.o
 .debug_loc     0x00000999      0x2e4 ./src/MCAL/UART/UART_prg.o
 .debug_loc     0x00000c7d      0x1e2 ./src/MCAL/RCC/RCC_prg.o
 .debug_loc     0x00000e5f      0xa85 ./src/MCAL/GPIO/GPIO_prg.o
 .debug_loc     0x000018e4      0x177 ./src/MCAL/EXTI/EXTI_prg.o
 .debug_loc     0x00001a5b       0xa4 ./src/MCAL/DMA/DMA_prg.o
 .debug_loc     0x00001aff       0x8a ./src/main.o

.debug_macinfo
 *(.debug_macinfo)

.debug_weaknames
 *(.debug_weaknames)

.debug_funcnames
 *(.debug_funcnames)

.debug_typenames
 *(.debug_typenames)

.debug_varnames
 *(.debug_varnames)
OUTPUT(Final_UC1.elf elf32-littlearm)

.debug_ranges   0x00000000      0x3d8
 .debug_ranges  0x00000000       0x18 ./system/src/newlib/_exit.o
 .debug_ranges  0x00000018       0x10 ./system/src/newlib/_sbrk.o
 .debug_ranges  0x00000028       0x90 ./system/src/newlib/_startup.o
 .debug_ranges  0x000000b8       0x20 ./system/src/newlib/_syscalls.o
 .debug_ranges  0x000000d8       0x28 ./system/src/diag/Trace.o
 .debug_ranges  0x00000100       0x50 ./system/src/diag/trace_impl.o
 .debug_ranges  0x00000150       0x18 ./system/src/cortexm/_initialize_hardware.o
 .debug_ranges  0x00000168       0x80 ./system/src/cortexm/exception_handlers.o
 .debug_ranges  0x000001e8       0x18 ./system/src/cmsis/system_stm32f4xx.o
 .debug_ranges  0x00000200       0x10 ./system/src/cmsis/vectors_stm32f401xc.o
 .debug_ranges  0x00000210       0xa0 ./src/MCAL/UART/UART_prg.o
 .debug_ranges  0x000002b0       0x20 ./src/MCAL/RCC/RCC_prg.o
 .debug_ranges  0x000002d0       0x58 ./src/MCAL/GPIO/GPIO_prg.o
 .debug_ranges  0x00000328       0x48 ./src/MCAL/EXTI/EXTI_prg.o
 .debug_ranges  0x00000370       0x40 ./src/MCAL/DMA/DMA_prg.o
 .debug_ranges  0x000003b0       0x18 ./src/_initialize_hardware.o
 .debug_ranges  0x000003c8       0x10 ./src/main.o

.debug_macro    0x00000000     0x3f44
 .debug_macro   0x00000000      0x1b4 ./system/src/newlib/_exit.o
 .debug_macro   0x000001b4      0x10e ./system/src/newlib/_exit.o
 .debug_macro   0x000002c2       0x8d ./system/src/newlib/_exit.o
 .debug_macro   0x0000034f       0x35 ./system/src/newlib/_exit.o
 .debug_macro   0x00000384      0x169 ./system/src/newlib/_sbrk.o
 .debug_macro   0x000004ed      0x174 ./system/src/newlib/_sbrk.o
 .debug_macro   0x00000661       0x10 ./system/src/newlib/_sbrk.o
 .debug_macro   0x00000671      0x23b ./system/src/newlib/_sbrk.o
 .debug_macro   0x000008ac      0x173 ./system/src/newlib/_startup.o
 .debug_macro   0x00000a1f      0xa72 ./system/src/newlib/_startup.o
 .debug_macro   0x00001491      0x217 ./system/src/newlib/_syscalls.o
 .debug_macro   0x000016a8       0x1c ./system/src/newlib/_syscalls.o
 .debug_macro   0x000016c4       0x10 ./system/src/newlib/_syscalls.o
 .debug_macro   0x000016d4       0x10 ./system/src/newlib/_syscalls.o
 .debug_macro   0x000016e4       0x10 ./system/src/newlib/_syscalls.o
 .debug_macro   0x000016f4       0x35 ./system/src/newlib/_syscalls.o
 .debug_macro   0x00001729      0x122 ./system/src/newlib/_syscalls.o
 .debug_macro   0x0000184b       0x88 ./system/src/newlib/_syscalls.o
 .debug_macro   0x000018d3       0x2b ./system/src/newlib/_syscalls.o
 .debug_macro   0x000018fe      0x118 ./system/src/newlib/_syscalls.o
 .debug_macro   0x00001a16      0x189 ./system/src/newlib/_syscalls.o
 .debug_macro   0x00001b9f       0x16 ./system/src/newlib/_syscalls.o
 .debug_macro   0x00001bb5      0x1fb ./system/src/diag/Trace.o
 .debug_macro   0x00001db0       0x4c ./system/src/diag/Trace.o
 .debug_macro   0x00001dfc       0x16 ./system/src/diag/Trace.o
 .debug_macro   0x00001e12      0x52a ./system/src/diag/trace_impl.o
 .debug_macro   0x0000233c       0x22 ./system/src/diag/trace_impl.o
 .debug_macro   0x0000235e      0x4ee ./system/src/cortexm/_initialize_hardware.o
 .debug_macro   0x0000284c      0x557 ./system/src/cortexm/exception_handlers.o
 .debug_macro   0x00002da3       0x3b ./system/src/cortexm/exception_handlers.o
 .debug_macro   0x00002dde      0x4ea ./system/src/cmsis/system_stm32f4xx.o
 .debug_macro   0x000032c8       0x34 ./system/src/cmsis/vectors_stm32f401xc.o
 .debug_macro   0x000032fc       0x3e ./src/MCAL/UART/UART_prg.o
 .debug_macro   0x0000333a       0x28 ./src/MCAL/UART/UART_prg.o
 .debug_macro   0x00003362       0x10 ./src/MCAL/UART/UART_prg.o
 .debug_macro   0x00003372      0x172 ./src/MCAL/UART/UART_prg.o
 .debug_macro   0x000034e4       0x1c ./src/MCAL/UART/UART_prg.o
 .debug_macro   0x00003500       0x88 ./src/MCAL/UART/UART_prg.o
 .debug_macro   0x00003588       0x3e ./src/MCAL/RCC/RCC_prg.o
 .debug_macro   0x000035c6       0x6a ./src/MCAL/RCC/RCC_prg.o
 .debug_macro   0x00003630       0xe2 ./src/MCAL/RCC/RCC_prg.o
 .debug_macro   0x00003712      0x12d ./src/MCAL/RCC/RCC_prg.o
 .debug_macro   0x0000383f       0x3b ./src/MCAL/GPIO/GPIO_prg.o
 .debug_macro   0x0000387a       0x2e ./src/MCAL/GPIO/GPIO_prg.o
 .debug_macro   0x000038a8       0x3e ./src/MCAL/EXTI/EXTI_prg.o
 .debug_macro   0x000038e6       0x7c ./src/MCAL/EXTI/EXTI_prg.o
 .debug_macro   0x00003962       0x16 ./src/MCAL/EXTI/EXTI_prg.o
 .debug_macro   0x00003978       0x16 ./src/MCAL/EXTI/EXTI_prg.o
 .debug_macro   0x0000398e       0x3b ./src/MCAL/DMA/DMA_prg.o
 .debug_macro   0x000039c9       0x16 ./src/MCAL/DMA/DMA_prg.o
 .debug_macro   0x000039df       0x10 ./src/MCAL/DMA/DMA_prg.o
 .debug_macro   0x000039ef      0x4e4 ./src/_initialize_hardware.o
 .debug_macro   0x00003ed3       0x5b ./src/main.o
 .debug_macro   0x00003f2e       0x16 ./src/main.o
